// Jest Snapshot v1, https://jestjs.io/docs/snapshot-testing

exports[`AuroraBackupRepository construct snapshot 1`] = `
{
  "Parameters": {
    "BootstrapVersion": {
      "Default": "/cdk-bootstrap/hnb659fds/version",
      "Description": "Version of the CDK Bootstrap resources in this environment, automatically retrieved from SSM Parameter Store. [cdk:skip]",
      "Type": "AWS::SSM::Parameter::Value<String>",
    },
  },
  "Resources": {
    "CustomCDKECRDeploymentbd07c930edb94112a20f03f096f53666512MiB28EAD8E4": {
      "DependsOn": [
        "CustomCDKECRDeploymentbd07c930edb94112a20f03f096f53666512MiBServiceRoleDefaultPolicy280095F8",
        "CustomCDKECRDeploymentbd07c930edb94112a20f03f096f53666512MiBServiceRole8C8B0491",
      ],
      "Properties": {
        "Code": {
          "S3Bucket": {
            "Fn::Sub": "cdk-hnb659fds-assets-\${AWS::AccountId}-\${AWS::Region}",
          },
          "S3Key": "f9fe08208bb630375623084d540d58774961091607761e7562942b832b23779d.zip",
        },
        "Description": "Custom resource handler for copying Docker images between docker registries.",
        "Handler": "bootstrap",
        "MemorySize": 512,
        "Role": {
          "Fn::GetAtt": [
            "CustomCDKECRDeploymentbd07c930edb94112a20f03f096f53666512MiBServiceRole8C8B0491",
            "Arn",
          ],
        },
        "Runtime": "provided.al2023",
        "Timeout": 900,
      },
      "Type": "AWS::Lambda::Function",
    },
    "CustomCDKECRDeploymentbd07c930edb94112a20f03f096f53666512MiBServiceRole8C8B0491": {
      "Properties": {
        "AssumeRolePolicyDocument": {
          "Statement": [
            {
              "Action": "sts:AssumeRole",
              "Effect": "Allow",
              "Principal": {
                "Service": "lambda.amazonaws.com",
              },
            },
          ],
          "Version": "2012-10-17",
        },
        "ManagedPolicyArns": [
          {
            "Fn::Join": [
              "",
              [
                "arn:",
                {
                  "Ref": "AWS::Partition",
                },
                ":iam::aws:policy/service-role/AWSLambdaBasicExecutionRole",
              ],
            ],
          },
        ],
      },
      "Type": "AWS::IAM::Role",
    },
    "CustomCDKECRDeploymentbd07c930edb94112a20f03f096f53666512MiBServiceRoleDefaultPolicy280095F8": {
      "Properties": {
        "PolicyDocument": {
          "Statement": [
            {
              "Action": [
                "ecr:GetAuthorizationToken",
                "ecr:BatchCheckLayerAvailability",
                "ecr:GetDownloadUrlForLayer",
                "ecr:GetRepositoryPolicy",
                "ecr:DescribeRepositories",
                "ecr:ListImages",
                "ecr:DescribeImages",
                "ecr:BatchGetImage",
                "ecr:ListTagsForResource",
                "ecr:DescribeImageScanFindings",
                "ecr:InitiateLayerUpload",
                "ecr:UploadLayerPart",
                "ecr:CompleteLayerUpload",
                "ecr:PutImage",
              ],
              "Effect": "Allow",
              "Resource": "*",
            },
            {
              "Action": "s3:GetObject",
              "Effect": "Allow",
              "Resource": "*",
            },
          ],
          "Version": "2012-10-17",
        },
        "PolicyName": "CustomCDKECRDeploymentbd07c930edb94112a20f03f096f53666512MiBServiceRoleDefaultPolicy280095F8",
        "Roles": [
          {
            "Ref": "CustomCDKECRDeploymentbd07c930edb94112a20f03f096f53666512MiBServiceRole8C8B0491",
          },
        ],
      },
      "Type": "AWS::IAM::Policy",
    },
    "TestBackupRepository5DAA6BD0": {
      "DeletionPolicy": "RetainExceptOnCreate",
      "Properties": {
        "ImageScanningConfiguration": {
          "ScanOnPush": true,
        },
        "ImageTagMutability": "MUTABLE",
        "RepositoryName": "test-aurora-backup",
      },
      "Type": "AWS::ECR::Repository",
      "UpdateReplacePolicy": "Retain",
    },
    "TestBackupRepositoryPromoteImageToRepositoryCustomResource09C87AF8": {
      "DeletionPolicy": "Delete",
      "Properties": {
        "DestImage": {
          "Fn::Join": [
            "",
            [
              "docker://",
              {
                "Fn::Select": [
                  4,
                  {
                    "Fn::Split": [
                      ":",
                      {
                        "Fn::GetAtt": [
                          "TestBackupRepository5DAA6BD0",
                          "Arn",
                        ],
                      },
                    ],
                  },
                ],
              },
              ".dkr.ecr.",
              {
                "Fn::Select": [
                  3,
                  {
                    "Fn::Split": [
                      ":",
                      {
                        "Fn::GetAtt": [
                          "TestBackupRepository5DAA6BD0",
                          "Arn",
                        ],
                      },
                    ],
                  },
                ],
              },
              ".",
              {
                "Ref": "AWS::URLSuffix",
              },
              "/",
              {
                "Ref": "TestBackupRepository5DAA6BD0",
              },
              ":latest",
            ],
          ],
        },
        "ServiceToken": {
          "Fn::GetAtt": [
            "CustomCDKECRDeploymentbd07c930edb94112a20f03f096f53666512MiB28EAD8E4",
            "Arn",
          ],
        },
        "SrcImage": {
          "Fn::Join": [
            "",
            [
              "docker://",
              {
                "Fn::Sub": "\${AWS::AccountId}.dkr.ecr.\${AWS::Region}.\${AWS::URLSuffix}/cdk-hnb659fds-container-assets-\${AWS::AccountId}-\${AWS::Region}:753164f956fb43d72faf1492b4fb49206d3e6e2c5be45307d46e0a93888e2541",
              },
            ],
          ],
        },
      },
      "Type": "Custom::CDKECRDeployment",
      "UpdateReplacePolicy": "Delete",
    },
  },
  "Rules": {
    "CheckBootstrapVersion": {
      "Assertions": [
        {
          "Assert": {
            "Fn::Not": [
              {
                "Fn::Contains": [
                  [
                    "1",
                    "2",
                    "3",
                    "4",
                    "5",
                  ],
                  {
                    "Ref": "BootstrapVersion",
                  },
                ],
              },
            ],
          },
          "AssertDescription": "CDK bootstrap stack version 6 required. Please run 'cdk bootstrap' with a recent version of the CDK CLI.",
        },
      ],
    },
  },
}
`;

exports[`AuroraNativeBackupService construct snapshot 1`] = `
{
  "Parameters": {
    "BootstrapVersion": {
      "Default": "/cdk-bootstrap/hnb659fds/version",
      "Description": "Version of the CDK Bootstrap resources in this environment, automatically retrieved from SSM Parameter Store. [cdk:skip]",
      "Type": "AWS::SSM::Parameter::Value<String>",
    },
  },
  "Resources": {
    "EcsDefaultClusterMnL3mNNYNTestVpc4872C696": {
      "Type": "AWS::ECS::Cluster",
    },
    "TestBackupServiceBackupBucket1B43FB05": {
      "DeletionPolicy": "RetainExceptOnCreate",
      "Properties": {
        "BucketEncryption": {
          "ServerSideEncryptionConfiguration": [
            {
              "ServerSideEncryptionByDefault": {
                "SSEAlgorithm": "AES256",
              },
            },
          ],
        },
        "BucketName": {
          "Fn::Join": [
            "",
            [
              "aurora-backup-",
              {
                "Ref": "AWS::AccountId",
              },
              "-",
              {
                "Ref": "AWS::Region",
              },
            ],
          ],
        },
        "LifecycleConfiguration": {
          "Rules": [
            {
              "ExpirationInDays": 7,
              "Id": "DeleteOldBackups",
              "Status": "Enabled",
            },
          ],
        },
        "PublicAccessBlockConfiguration": {
          "BlockPublicAcls": true,
          "BlockPublicPolicy": true,
          "IgnorePublicAcls": true,
          "RestrictPublicBuckets": true,
        },
      },
      "Type": "AWS::S3::Bucket",
      "UpdateReplacePolicy": "Retain",
    },
    "TestBackupServiceBackupEfsSecurityGroup7DD278DA": {
      "Properties": {
        "GroupDescription": "Security group for Aurora backup EFS",
        "GroupName": "AuroraBackupEfsSG",
        "SecurityGroupEgress": [
          {
            "CidrIp": "0.0.0.0/0",
            "Description": "Allow all outbound traffic by default",
            "IpProtocol": "-1",
          },
        ],
        "VpcId": {
          "Ref": "TestVpcE77CE678",
        },
      },
      "Type": "AWS::EC2::SecurityGroup",
    },
    "TestBackupServiceBackupEfsSecurityGroupfromTestStackTestBackupServiceBackupSecurityGroup3CA1F6AA20492FFA7279": {
      "Properties": {
        "Description": "Allow NFS access from backup task",
        "FromPort": 2049,
        "GroupId": {
          "Fn::GetAtt": [
            "TestBackupServiceBackupEfsSecurityGroup7DD278DA",
            "GroupId",
          ],
        },
        "IpProtocol": "tcp",
        "SourceSecurityGroupId": {
          "Fn::GetAtt": [
            "TestBackupServiceBackupSecurityGroup4E4A9027",
            "GroupId",
          ],
        },
        "ToPort": 2049,
      },
      "Type": "AWS::EC2::SecurityGroupIngress",
    },
    "TestBackupServiceBackupFileSystemBackupAccessPointA5B66363": {
      "Properties": {
        "AccessPointTags": [
          {
            "Key": "Name",
            "Value": "TestStack/TestBackupService/BackupFileSystem/BackupAccessPoint",
          },
        ],
        "FileSystemId": {
          "Ref": "TestBackupServiceBackupFileSystemD70C20E8",
        },
        "PosixUser": {
          "Gid": "1000",
          "Uid": "1000",
        },
        "RootDirectory": {
          "CreationInfo": {
            "OwnerGid": "1000",
            "OwnerUid": "1000",
            "Permissions": "750",
          },
          "Path": "/aurora-backups",
        },
      },
      "Type": "AWS::EFS::AccessPoint",
    },
    "TestBackupServiceBackupFileSystemD70C20E8": {
      "DeletionPolicy": "Delete",
      "Properties": {
        "Encrypted": true,
        "FileSystemTags": [
          {
            "Key": "Name",
            "Value": "TestStack/TestBackupService/BackupFileSystem",
          },
        ],
        "LifecyclePolicies": [
          {
            "TransitionToIA": "AFTER_14_DAYS",
          },
        ],
        "PerformanceMode": "generalPurpose",
        "ThroughputMode": "bursting",
      },
      "Type": "AWS::EFS::FileSystem",
      "UpdateReplacePolicy": "Delete",
    },
    "TestBackupServiceBackupFileSystemEfsMountTarget11DA633A1": {
      "Properties": {
        "FileSystemId": {
          "Ref": "TestBackupServiceBackupFileSystemD70C20E8",
        },
        "SecurityGroups": [
          {
            "Fn::GetAtt": [
              "TestBackupServiceBackupEfsSecurityGroup7DD278DA",
              "GroupId",
            ],
          },
        ],
        "SubnetId": {
          "Ref": "TestVpcPrivateSubnet1SubnetCC65D771",
        },
      },
      "Type": "AWS::EFS::MountTarget",
    },
    "TestBackupServiceBackupFileSystemEfsMountTarget266BAAA56": {
      "Properties": {
        "FileSystemId": {
          "Ref": "TestBackupServiceBackupFileSystemD70C20E8",
        },
        "SecurityGroups": [
          {
            "Fn::GetAtt": [
              "TestBackupServiceBackupEfsSecurityGroup7DD278DA",
              "GroupId",
            ],
          },
        ],
        "SubnetId": {
          "Ref": "TestVpcPrivateSubnet2SubnetDE0C64A2",
        },
      },
      "Type": "AWS::EFS::MountTarget",
    },
    "TestBackupServiceBackupLogGroup1AA615C4": {
      "DeletionPolicy": "Delete",
      "Properties": {
        "LogGroupName": "/ecs/aurora-backup/test-cluster",
        "RetentionInDays": 731,
      },
      "Type": "AWS::Logs::LogGroup",
      "UpdateReplacePolicy": "Delete",
    },
    "TestBackupServiceBackupScheduledTaskScheduledEventRule98A9D0AF": {
      "DependsOn": [
        "TestBackupServiceBackupFileSystemBackupAccessPointA5B66363",
      ],
      "Properties": {
        "ScheduleExpression": "cron(0 5 * * ? *)",
        "State": "ENABLED",
        "Targets": [
          {
            "Arn": {
              "Fn::GetAtt": [
                "EcsDefaultClusterMnL3mNNYNTestVpc4872C696",
                "Arn",
              ],
            },
            "EcsParameters": {
              "LaunchType": "FARGATE",
              "NetworkConfiguration": {
                "AwsVpcConfiguration": {
                  "AssignPublicIp": "DISABLED",
                  "SecurityGroups": [
                    {
                      "Fn::GetAtt": [
                        "TestBackupServiceBackupSecurityGroup4E4A9027",
                        "GroupId",
                      ],
                    },
                  ],
                  "Subnets": [
                    {
                      "Ref": "TestVpcPrivateSubnet1SubnetCC65D771",
                    },
                    {
                      "Ref": "TestVpcPrivateSubnet2SubnetDE0C64A2",
                    },
                  ],
                },
              },
              "TaskCount": 1,
              "TaskDefinitionArn": {
                "Ref": "TestBackupServiceBackupScheduledTaskScheduledTaskDefDD8050AD",
              },
            },
            "Id": "Target0",
            "Input": "{}",
            "RoleArn": {
              "Fn::GetAtt": [
                "TestBackupServiceBackupScheduledTaskScheduledTaskDefEventsRole0229CDF6",
                "Arn",
              ],
            },
          },
        ],
      },
      "Type": "AWS::Events::Rule",
    },
    "TestBackupServiceBackupScheduledTaskScheduledTaskDefDD8050AD": {
      "DependsOn": [
        "TestBackupServiceBackupFileSystemBackupAccessPointA5B66363",
      ],
      "Properties": {
        "ContainerDefinitions": [
          {
            "Environment": [
              {
                "Name": "DB_HOST",
                "Value": "test-cluster.cluster-xyz.us-east-1.rds.amazonaws.com",
              },
              {
                "Name": "DB_PORT",
                "Value": "5432",
              },
              {
                "Name": "DB_NAME",
                "Value": "test_db",
              },
              {
                "Name": "DB_USER",
                "Value": "backup_user",
              },
              {
                "Name": "BACKUP_ROOT",
                "Value": "/mnt/aurora-backups",
              },
              {
                "Name": "AWS_REGION",
                "Value": {
                  "Ref": "AWS::Region",
                },
              },
              {
                "Name": "S3_BUCKET",
                "Value": {
                  "Ref": "TestBackupServiceBackupBucket1B43FB05",
                },
              },
              {
                "Name": "S3_PREFIX",
                "Value": "backups",
              },
              {
                "Name": "CLUSTER_IDENTIFIER",
                "Value": "test-cluster",
              },
            ],
            "Essential": true,
            "Image": {
              "Fn::Join": [
                "",
                [
                  {
                    "Fn::Select": [
                      4,
                      {
                        "Fn::Split": [
                          ":",
                          {
                            "Fn::GetAtt": [
                              "TestRepositoryC0DA8195",
                              "Arn",
                            ],
                          },
                        ],
                      },
                    ],
                  },
                  ".dkr.ecr.",
                  {
                    "Fn::Select": [
                      3,
                      {
                        "Fn::Split": [
                          ":",
                          {
                            "Fn::GetAtt": [
                              "TestRepositoryC0DA8195",
                              "Arn",
                            ],
                          },
                        ],
                      },
                    ],
                  },
                  ".",
                  {
                    "Ref": "AWS::URLSuffix",
                  },
                  "/",
                  {
                    "Ref": "TestRepositoryC0DA8195",
                  },
                  ":latest",
                ],
              ],
            },
            "LogConfiguration": {
              "LogDriver": "awslogs",
              "Options": {
                "awslogs-group": {
                  "Ref": "TestBackupServiceBackupLogGroup1AA615C4",
                },
                "awslogs-region": {
                  "Ref": "AWS::Region",
                },
                "awslogs-stream-prefix": "backup",
              },
            },
            "MountPoints": [
              {
                "ContainerPath": "/mnt/aurora-backups",
                "ReadOnly": false,
                "SourceVolume": "AuroraBackupData",
              },
            ],
            "Name": "ScheduledContainer",
            "Secrets": [
              {
                "Name": "DB_PASSWORD",
                "ValueFrom": {
                  "Fn::Join": [
                    "",
                    [
                      {
                        "Ref": "TestSecret16AF87B1",
                      },
                      ":password::",
                    ],
                  ],
                },
              },
            ],
          },
        ],
        "Cpu": "256",
        "ExecutionRoleArn": {
          "Fn::GetAtt": [
            "TestBackupServiceBackupScheduledTaskScheduledTaskDefExecutionRole9C93ED89",
            "Arn",
          ],
        },
        "Family": "TestStackTestBackupServiceBackupScheduledTaskScheduledTaskDef853CF961",
        "Memory": "512",
        "NetworkMode": "awsvpc",
        "RequiresCompatibilities": [
          "FARGATE",
        ],
        "TaskRoleArn": {
          "Fn::GetAtt": [
            "TestBackupServiceBackupScheduledTaskScheduledTaskDefTaskRole5189BE21",
            "Arn",
          ],
        },
        "Volumes": [
          {
            "EFSVolumeConfiguration": {
              "AuthorizationConfig": {
                "AccessPointId": {
                  "Ref": "TestBackupServiceBackupFileSystemBackupAccessPointA5B66363",
                },
                "IAM": "ENABLED",
              },
              "FilesystemId": {
                "Ref": "TestBackupServiceBackupFileSystemD70C20E8",
              },
              "TransitEncryption": "ENABLED",
            },
            "Name": "AuroraBackupData",
          },
        ],
      },
      "Type": "AWS::ECS::TaskDefinition",
    },
    "TestBackupServiceBackupScheduledTaskScheduledTaskDefEventsRole0229CDF6": {
      "DependsOn": [
        "TestBackupServiceBackupFileSystemBackupAccessPointA5B66363",
      ],
      "Properties": {
        "AssumeRolePolicyDocument": {
          "Statement": [
            {
              "Action": "sts:AssumeRole",
              "Effect": "Allow",
              "Principal": {
                "Service": "events.amazonaws.com",
              },
            },
          ],
          "Version": "2012-10-17",
        },
      },
      "Type": "AWS::IAM::Role",
    },
    "TestBackupServiceBackupScheduledTaskScheduledTaskDefEventsRoleDefaultPolicy61AE5870": {
      "DependsOn": [
        "TestBackupServiceBackupFileSystemBackupAccessPointA5B66363",
      ],
      "Properties": {
        "PolicyDocument": {
          "Statement": [
            {
              "Action": "ecs:RunTask",
              "Condition": {
                "ArnEquals": {
                  "ecs:cluster": {
                    "Fn::GetAtt": [
                      "EcsDefaultClusterMnL3mNNYNTestVpc4872C696",
                      "Arn",
                    ],
                  },
                },
              },
              "Effect": "Allow",
              "Resource": {
                "Ref": "TestBackupServiceBackupScheduledTaskScheduledTaskDefDD8050AD",
              },
            },
            {
              "Action": "ecs:TagResource",
              "Effect": "Allow",
              "Resource": {
                "Fn::Join": [
                  "",
                  [
                    "arn:",
                    {
                      "Ref": "AWS::Partition",
                    },
                    ":ecs:",
                    {
                      "Ref": "AWS::Region",
                    },
                    ":*:task/",
                    {
                      "Ref": "EcsDefaultClusterMnL3mNNYNTestVpc4872C696",
                    },
                    "/*",
                  ],
                ],
              },
            },
            {
              "Action": "iam:PassRole",
              "Effect": "Allow",
              "Resource": {
                "Fn::GetAtt": [
                  "TestBackupServiceBackupScheduledTaskScheduledTaskDefExecutionRole9C93ED89",
                  "Arn",
                ],
              },
            },
            {
              "Action": "iam:PassRole",
              "Effect": "Allow",
              "Resource": {
                "Fn::GetAtt": [
                  "TestBackupServiceBackupScheduledTaskScheduledTaskDefTaskRole5189BE21",
                  "Arn",
                ],
              },
            },
          ],
          "Version": "2012-10-17",
        },
        "PolicyName": "TestBackupServiceBackupScheduledTaskScheduledTaskDefEventsRoleDefaultPolicy61AE5870",
        "Roles": [
          {
            "Ref": "TestBackupServiceBackupScheduledTaskScheduledTaskDefEventsRole0229CDF6",
          },
        ],
      },
      "Type": "AWS::IAM::Policy",
    },
    "TestBackupServiceBackupScheduledTaskScheduledTaskDefExecutionRole9C93ED89": {
      "DependsOn": [
        "TestBackupServiceBackupFileSystemBackupAccessPointA5B66363",
      ],
      "Properties": {
        "AssumeRolePolicyDocument": {
          "Statement": [
            {
              "Action": "sts:AssumeRole",
              "Effect": "Allow",
              "Principal": {
                "Service": "ecs-tasks.amazonaws.com",
              },
            },
          ],
          "Version": "2012-10-17",
        },
      },
      "Type": "AWS::IAM::Role",
    },
    "TestBackupServiceBackupScheduledTaskScheduledTaskDefExecutionRoleDefaultPolicy8AC6D1C9": {
      "DependsOn": [
        "TestBackupServiceBackupFileSystemBackupAccessPointA5B66363",
      ],
      "Properties": {
        "PolicyDocument": {
          "Statement": [
            {
              "Action": [
                "ecr:BatchCheckLayerAvailability",
                "ecr:GetDownloadUrlForLayer",
                "ecr:BatchGetImage",
              ],
              "Effect": "Allow",
              "Resource": {
                "Fn::GetAtt": [
                  "TestRepositoryC0DA8195",
                  "Arn",
                ],
              },
            },
            {
              "Action": "ecr:GetAuthorizationToken",
              "Effect": "Allow",
              "Resource": "*",
            },
            {
              "Action": [
                "logs:CreateLogStream",
                "logs:PutLogEvents",
              ],
              "Effect": "Allow",
              "Resource": {
                "Fn::GetAtt": [
                  "TestBackupServiceBackupLogGroup1AA615C4",
                  "Arn",
                ],
              },
            },
            {
              "Action": [
                "secretsmanager:GetSecretValue",
                "secretsmanager:DescribeSecret",
              ],
              "Effect": "Allow",
              "Resource": {
                "Ref": "TestSecret16AF87B1",
              },
            },
            {
              "Action": [
                "elasticfilesystem:ClientMount",
                "elasticfilesystem:ClientWrite",
              ],
              "Effect": "Allow",
              "Resource": {
                "Fn::Join": [
                  "",
                  [
                    "arn:",
                    {
                      "Ref": "AWS::Partition",
                    },
                    ":elasticfilesystem:",
                    {
                      "Ref": "AWS::Region",
                    },
                    ":",
                    {
                      "Ref": "AWS::AccountId",
                    },
                    ":access-point/",
                    {
                      "Ref": "TestBackupServiceBackupFileSystemBackupAccessPointA5B66363",
                    },
                  ],
                ],
              },
            },
          ],
          "Version": "2012-10-17",
        },
        "PolicyName": "TestBackupServiceBackupScheduledTaskScheduledTaskDefExecutionRoleDefaultPolicy8AC6D1C9",
        "Roles": [
          {
            "Ref": "TestBackupServiceBackupScheduledTaskScheduledTaskDefExecutionRole9C93ED89",
          },
        ],
      },
      "Type": "AWS::IAM::Policy",
    },
    "TestBackupServiceBackupScheduledTaskScheduledTaskDefTaskRole5189BE21": {
      "DependsOn": [
        "TestBackupServiceBackupFileSystemBackupAccessPointA5B66363",
      ],
      "Properties": {
        "AssumeRolePolicyDocument": {
          "Statement": [
            {
              "Action": "sts:AssumeRole",
              "Effect": "Allow",
              "Principal": {
                "Service": "ecs-tasks.amazonaws.com",
              },
            },
          ],
          "Version": "2012-10-17",
        },
      },
      "Type": "AWS::IAM::Role",
    },
    "TestBackupServiceBackupScheduledTaskScheduledTaskDefTaskRoleDefaultPolicy0A46623D": {
      "DependsOn": [
        "TestBackupServiceBackupFileSystemBackupAccessPointA5B66363",
      ],
      "Properties": {
        "PolicyDocument": {
          "Statement": [
            {
              "Action": [
                "secretsmanager:GetSecretValue",
                "secretsmanager:DescribeSecret",
              ],
              "Effect": "Allow",
              "Resource": {
                "Ref": "TestSecret16AF87B1",
              },
            },
            {
              "Action": [
                "s3:GetObject*",
                "s3:GetBucket*",
                "s3:List*",
                "s3:DeleteObject*",
                "s3:PutObject",
                "s3:PutObjectLegalHold",
                "s3:PutObjectRetention",
                "s3:PutObjectTagging",
                "s3:PutObjectVersionTagging",
                "s3:Abort*",
              ],
              "Effect": "Allow",
              "Resource": [
                {
                  "Fn::GetAtt": [
                    "TestBackupServiceBackupBucket1B43FB05",
                    "Arn",
                  ],
                },
                {
                  "Fn::Join": [
                    "",
                    [
                      {
                        "Fn::GetAtt": [
                          "TestBackupServiceBackupBucket1B43FB05",
                          "Arn",
                        ],
                      },
                      "/*",
                    ],
                  ],
                },
              ],
            },
            {
              "Action": "elasticfilesystem:ClientWrite",
              "Effect": "Allow",
              "Resource": {
                "Fn::Join": [
                  "",
                  [
                    "arn:",
                    {
                      "Ref": "AWS::Partition",
                    },
                    ":elasticfilesystem:",
                    {
                      "Ref": "AWS::Region",
                    },
                    ":",
                    {
                      "Ref": "AWS::AccountId",
                    },
                    ":access-point/",
                    {
                      "Ref": "TestBackupServiceBackupFileSystemBackupAccessPointA5B66363",
                    },
                  ],
                ],
              },
            },
          ],
          "Version": "2012-10-17",
        },
        "PolicyName": "TestBackupServiceBackupScheduledTaskScheduledTaskDefTaskRoleDefaultPolicy0A46623D",
        "Roles": [
          {
            "Ref": "TestBackupServiceBackupScheduledTaskScheduledTaskDefTaskRole5189BE21",
          },
        ],
      },
      "Type": "AWS::IAM::Policy",
    },
    "TestBackupServiceBackupSecurityGroup4E4A9027": {
      "Properties": {
        "GroupDescription": "Security group for Aurora backup service",
        "GroupName": "AuroraBackupServiceSG",
        "SecurityGroupEgress": [
          {
            "CidrIp": "0.0.0.0/0",
            "Description": "Allow all outbound traffic by default",
            "IpProtocol": "-1",
          },
        ],
        "VpcId": {
          "Ref": "TestVpcE77CE678",
        },
      },
      "Type": "AWS::EC2::SecurityGroup",
    },
    "TestRepositoryC0DA8195": {
      "DeletionPolicy": "Retain",
      "Type": "AWS::ECR::Repository",
      "UpdateReplacePolicy": "Retain",
    },
    "TestSecret16AF87B1": {
      "DeletionPolicy": "Delete",
      "Properties": {
        "GenerateSecretString": {
          "ExcludeCharacters": ""@/\\",
          "GenerateStringKey": "password",
          "SecretStringTemplate": "{"username":"backup_user"}",
        },
      },
      "Type": "AWS::SecretsManager::Secret",
      "UpdateReplacePolicy": "Delete",
    },
    "TestVpcE77CE678": {
      "Properties": {
        "CidrBlock": "10.0.0.0/16",
        "EnableDnsHostnames": true,
        "EnableDnsSupport": true,
        "InstanceTenancy": "default",
        "Tags": [
          {
            "Key": "Name",
            "Value": "TestStack/TestVpc",
          },
        ],
      },
      "Type": "AWS::EC2::VPC",
    },
    "TestVpcIGW9DD53F70": {
      "Properties": {
        "Tags": [
          {
            "Key": "Name",
            "Value": "TestStack/TestVpc",
          },
        ],
      },
      "Type": "AWS::EC2::InternetGateway",
    },
    "TestVpcPrivateSubnet1DefaultRoute32E7B814": {
      "Properties": {
        "DestinationCidrBlock": "0.0.0.0/0",
        "NatGatewayId": {
          "Ref": "TestVpcPublicSubnet1NATGatewayA323E3EC",
        },
        "RouteTableId": {
          "Ref": "TestVpcPrivateSubnet1RouteTable469B0105",
        },
      },
      "Type": "AWS::EC2::Route",
    },
    "TestVpcPrivateSubnet1RouteTable469B0105": {
      "Properties": {
        "Tags": [
          {
            "Key": "Name",
            "Value": "TestStack/TestVpc/PrivateSubnet1",
          },
        ],
        "VpcId": {
          "Ref": "TestVpcE77CE678",
        },
      },
      "Type": "AWS::EC2::RouteTable",
    },
    "TestVpcPrivateSubnet1RouteTableAssociationFFD4DFF7": {
      "Properties": {
        "RouteTableId": {
          "Ref": "TestVpcPrivateSubnet1RouteTable469B0105",
        },
        "SubnetId": {
          "Ref": "TestVpcPrivateSubnet1SubnetCC65D771",
        },
      },
      "Type": "AWS::EC2::SubnetRouteTableAssociation",
    },
    "TestVpcPrivateSubnet1SubnetCC65D771": {
      "Properties": {
        "AvailabilityZone": {
          "Fn::Select": [
            0,
            {
              "Fn::GetAZs": "",
            },
          ],
        },
        "CidrBlock": "10.0.128.0/18",
        "MapPublicIpOnLaunch": false,
        "Tags": [
          {
            "Key": "aws-cdk:subnet-name",
            "Value": "Private",
          },
          {
            "Key": "aws-cdk:subnet-type",
            "Value": "Private",
          },
          {
            "Key": "Name",
            "Value": "TestStack/TestVpc/PrivateSubnet1",
          },
        ],
        "VpcId": {
          "Ref": "TestVpcE77CE678",
        },
      },
      "Type": "AWS::EC2::Subnet",
    },
    "TestVpcPrivateSubnet2DefaultRouteA7EB6930": {
      "Properties": {
        "DestinationCidrBlock": "0.0.0.0/0",
        "NatGatewayId": {
          "Ref": "TestVpcPublicSubnet1NATGatewayA323E3EC",
        },
        "RouteTableId": {
          "Ref": "TestVpcPrivateSubnet2RouteTableCEF29F7C",
        },
      },
      "Type": "AWS::EC2::Route",
    },
    "TestVpcPrivateSubnet2RouteTableAssociation18250AB4": {
      "Properties": {
        "RouteTableId": {
          "Ref": "TestVpcPrivateSubnet2RouteTableCEF29F7C",
        },
        "SubnetId": {
          "Ref": "TestVpcPrivateSubnet2SubnetDE0C64A2",
        },
      },
      "Type": "AWS::EC2::SubnetRouteTableAssociation",
    },
    "TestVpcPrivateSubnet2RouteTableCEF29F7C": {
      "Properties": {
        "Tags": [
          {
            "Key": "Name",
            "Value": "TestStack/TestVpc/PrivateSubnet2",
          },
        ],
        "VpcId": {
          "Ref": "TestVpcE77CE678",
        },
      },
      "Type": "AWS::EC2::RouteTable",
    },
    "TestVpcPrivateSubnet2SubnetDE0C64A2": {
      "Properties": {
        "AvailabilityZone": {
          "Fn::Select": [
            1,
            {
              "Fn::GetAZs": "",
            },
          ],
        },
        "CidrBlock": "10.0.192.0/18",
        "MapPublicIpOnLaunch": false,
        "Tags": [
          {
            "Key": "aws-cdk:subnet-name",
            "Value": "Private",
          },
          {
            "Key": "aws-cdk:subnet-type",
            "Value": "Private",
          },
          {
            "Key": "Name",
            "Value": "TestStack/TestVpc/PrivateSubnet2",
          },
        ],
        "VpcId": {
          "Ref": "TestVpcE77CE678",
        },
      },
      "Type": "AWS::EC2::Subnet",
    },
    "TestVpcPublicSubnet1DefaultRoute6C0F0315": {
      "DependsOn": [
        "TestVpcVPCGWF1827B84",
      ],
      "Properties": {
        "DestinationCidrBlock": "0.0.0.0/0",
        "GatewayId": {
          "Ref": "TestVpcIGW9DD53F70",
        },
        "RouteTableId": {
          "Ref": "TestVpcPublicSubnet1RouteTable4CBFF871",
        },
      },
      "Type": "AWS::EC2::Route",
    },
    "TestVpcPublicSubnet1EIP4884338C": {
      "Properties": {
        "Domain": "vpc",
        "Tags": [
          {
            "Key": "Name",
            "Value": "TestStack/TestVpc/PublicSubnet1",
          },
        ],
      },
      "Type": "AWS::EC2::EIP",
    },
    "TestVpcPublicSubnet1NATGatewayA323E3EC": {
      "DependsOn": [
        "TestVpcPublicSubnet1DefaultRoute6C0F0315",
        "TestVpcPublicSubnet1RouteTableAssociation7D1DECD9",
      ],
      "Properties": {
        "AllocationId": {
          "Fn::GetAtt": [
            "TestVpcPublicSubnet1EIP4884338C",
            "AllocationId",
          ],
        },
        "SubnetId": {
          "Ref": "TestVpcPublicSubnet1SubnetA7DB1EDF",
        },
        "Tags": [
          {
            "Key": "Name",
            "Value": "TestStack/TestVpc/PublicSubnet1",
          },
        ],
      },
      "Type": "AWS::EC2::NatGateway",
    },
    "TestVpcPublicSubnet1RouteTable4CBFF871": {
      "Properties": {
        "Tags": [
          {
            "Key": "Name",
            "Value": "TestStack/TestVpc/PublicSubnet1",
          },
        ],
        "VpcId": {
          "Ref": "TestVpcE77CE678",
        },
      },
      "Type": "AWS::EC2::RouteTable",
    },
    "TestVpcPublicSubnet1RouteTableAssociation7D1DECD9": {
      "Properties": {
        "RouteTableId": {
          "Ref": "TestVpcPublicSubnet1RouteTable4CBFF871",
        },
        "SubnetId": {
          "Ref": "TestVpcPublicSubnet1SubnetA7DB1EDF",
        },
      },
      "Type": "AWS::EC2::SubnetRouteTableAssociation",
    },
    "TestVpcPublicSubnet1SubnetA7DB1EDF": {
      "Properties": {
        "AvailabilityZone": {
          "Fn::Select": [
            0,
            {
              "Fn::GetAZs": "",
            },
          ],
        },
        "CidrBlock": "10.0.0.0/18",
        "MapPublicIpOnLaunch": true,
        "Tags": [
          {
            "Key": "aws-cdk:subnet-name",
            "Value": "Public",
          },
          {
            "Key": "aws-cdk:subnet-type",
            "Value": "Public",
          },
          {
            "Key": "Name",
            "Value": "TestStack/TestVpc/PublicSubnet1",
          },
        ],
        "VpcId": {
          "Ref": "TestVpcE77CE678",
        },
      },
      "Type": "AWS::EC2::Subnet",
    },
    "TestVpcPublicSubnet2DefaultRoute054DAE0A": {
      "DependsOn": [
        "TestVpcVPCGWF1827B84",
      ],
      "Properties": {
        "DestinationCidrBlock": "0.0.0.0/0",
        "GatewayId": {
          "Ref": "TestVpcIGW9DD53F70",
        },
        "RouteTableId": {
          "Ref": "TestVpcPublicSubnet2RouteTable75B88314",
        },
      },
      "Type": "AWS::EC2::Route",
    },
    "TestVpcPublicSubnet2RouteTable75B88314": {
      "Properties": {
        "Tags": [
          {
            "Key": "Name",
            "Value": "TestStack/TestVpc/PublicSubnet2",
          },
        ],
        "VpcId": {
          "Ref": "TestVpcE77CE678",
        },
      },
      "Type": "AWS::EC2::RouteTable",
    },
    "TestVpcPublicSubnet2RouteTableAssociationB386A819": {
      "Properties": {
        "RouteTableId": {
          "Ref": "TestVpcPublicSubnet2RouteTable75B88314",
        },
        "SubnetId": {
          "Ref": "TestVpcPublicSubnet2Subnet80A14523",
        },
      },
      "Type": "AWS::EC2::SubnetRouteTableAssociation",
    },
    "TestVpcPublicSubnet2Subnet80A14523": {
      "Properties": {
        "AvailabilityZone": {
          "Fn::Select": [
            1,
            {
              "Fn::GetAZs": "",
            },
          ],
        },
        "CidrBlock": "10.0.64.0/18",
        "MapPublicIpOnLaunch": true,
        "Tags": [
          {
            "Key": "aws-cdk:subnet-name",
            "Value": "Public",
          },
          {
            "Key": "aws-cdk:subnet-type",
            "Value": "Public",
          },
          {
            "Key": "Name",
            "Value": "TestStack/TestVpc/PublicSubnet2",
          },
        ],
        "VpcId": {
          "Ref": "TestVpcE77CE678",
        },
      },
      "Type": "AWS::EC2::Subnet",
    },
    "TestVpcVPCGWF1827B84": {
      "Properties": {
        "InternetGatewayId": {
          "Ref": "TestVpcIGW9DD53F70",
        },
        "VpcId": {
          "Ref": "TestVpcE77CE678",
        },
      },
      "Type": "AWS::EC2::VPCGatewayAttachment",
    },
  },
  "Rules": {
    "CheckBootstrapVersion": {
      "Assertions": [
        {
          "Assert": {
            "Fn::Not": [
              {
                "Fn::Contains": [
                  [
                    "1",
                    "2",
                    "3",
                    "4",
                    "5",
                  ],
                  {
                    "Ref": "BootstrapVersion",
                  },
                ],
              },
            ],
          },
          "AssertDescription": "CDK bootstrap stack version 6 required. Please run 'cdk bootstrap' with a recent version of the CDK CLI.",
        },
      ],
    },
  },
}
`;
