// Jest Snapshot v1, https://jestjs.io/docs/snapshot-testing

exports[`Aurora Native Backup Library AuroraBackupRepository matches CloudFormation template snapshot 1`] = `
{
  "Parameters": {
    "BootstrapVersion": {
      "Default": "/cdk-bootstrap/hnb659fds/version",
      "Description": "Version of the CDK Bootstrap resources in this environment, automatically retrieved from SSM Parameter Store. [cdk:skip]",
      "Type": "AWS::SSM::Parameter::Value<String>",
    },
  },
  "Resources": {
    "CustomCDKECRDeploymentbd07c930edb94112a20f03f096f53666512MiB28EAD8E4": {
      "DependsOn": [
        "CustomCDKECRDeploymentbd07c930edb94112a20f03f096f53666512MiBServiceRoleDefaultPolicy280095F8",
        "CustomCDKECRDeploymentbd07c930edb94112a20f03f096f53666512MiBServiceRole8C8B0491",
      ],
      "Metadata": {
        "cdk_nag": {
          "rules_to_suppress": [
            {
              "applies_to": [
                "Policy::arn:<AWS::Partition>:iam::aws:policy/service-role/AWSLambdaBasicExecutionRole",
              ],
              "id": "AwsSolutions-IAM4",
              "reason": "ECRDeployment Lambda uses AWS managed policy created by third-party cdk-ecr-deployment library.",
            },
            {
              "applies_to": [
                "Resource::*",
              ],
              "id": "AwsSolutions-IAM5",
              "reason": "ECRDeployment Lambda requires wildcard permissions - controlled by third-party cdk-ecr-deployment library.",
            },
            {
              "id": "AwsSolutions-L1",
              "reason": "ECRDeployment Lambda runtime managed by third-party cdk-ecr-deployment library.",
            },
            {
              "id": "NIST.800.53.R5-IAMNoInlinePolicy",
              "reason": "ECRDeployment uses inline policies created by third-party cdk-ecr-deployment library.",
            },
            {
              "id": "NIST.800.53.R5-LambdaConcurrency",
              "reason": "ECRDeployment Lambda created by third-party library without concurrency configuration.",
            },
            {
              "id": "NIST.800.53.R5-LambdaDLQ",
              "reason": "ECRDeployment Lambda created by third-party library without DLQ configuration.",
            },
            {
              "id": "NIST.800.53.R5-LambdaInsideVPC",
              "reason": "ECRDeployment Lambda created by third-party library does not need VPC access.",
            },
          ],
        },
      },
      "Properties": {
        "Code": {
          "S3Bucket": {
            "Fn::Sub": "cdk-hnb659fds-assets-\${AWS::AccountId}-\${AWS::Region}",
          },
          "S3Key": "ae4622f6584470eb1736dfd3cc4689003ecca7a02f184b423d186688fbcb9dda.zip",
        },
        "Description": "Custom resource handler for copying Docker images between docker registries.",
        "Handler": "bootstrap",
        "MemorySize": 512,
        "Role": {
          "Fn::GetAtt": [
            "CustomCDKECRDeploymentbd07c930edb94112a20f03f096f53666512MiBServiceRole8C8B0491",
            "Arn",
          ],
        },
        "Runtime": "provided.al2023",
        "Timeout": 900,
      },
      "Type": "AWS::Lambda::Function",
    },
    "CustomCDKECRDeploymentbd07c930edb94112a20f03f096f53666512MiBServiceRole8C8B0491": {
      "Metadata": {
        "cdk_nag": {
          "rules_to_suppress": [
            {
              "applies_to": [
                "Policy::arn:<AWS::Partition>:iam::aws:policy/service-role/AWSLambdaBasicExecutionRole",
              ],
              "id": "AwsSolutions-IAM4",
              "reason": "ECRDeployment Lambda uses AWS managed policy created by third-party cdk-ecr-deployment library.",
            },
            {
              "applies_to": [
                "Resource::*",
              ],
              "id": "AwsSolutions-IAM5",
              "reason": "ECRDeployment Lambda requires wildcard permissions - controlled by third-party cdk-ecr-deployment library.",
            },
            {
              "id": "AwsSolutions-L1",
              "reason": "ECRDeployment Lambda runtime managed by third-party cdk-ecr-deployment library.",
            },
            {
              "id": "NIST.800.53.R5-IAMNoInlinePolicy",
              "reason": "ECRDeployment uses inline policies created by third-party cdk-ecr-deployment library.",
            },
            {
              "id": "NIST.800.53.R5-LambdaConcurrency",
              "reason": "ECRDeployment Lambda created by third-party library without concurrency configuration.",
            },
            {
              "id": "NIST.800.53.R5-LambdaDLQ",
              "reason": "ECRDeployment Lambda created by third-party library without DLQ configuration.",
            },
            {
              "id": "NIST.800.53.R5-LambdaInsideVPC",
              "reason": "ECRDeployment Lambda created by third-party library does not need VPC access.",
            },
          ],
        },
      },
      "Properties": {
        "AssumeRolePolicyDocument": {
          "Statement": [
            {
              "Action": "sts:AssumeRole",
              "Effect": "Allow",
              "Principal": {
                "Service": "lambda.amazonaws.com",
              },
            },
          ],
          "Version": "2012-10-17",
        },
        "ManagedPolicyArns": [
          {
            "Fn::Join": [
              "",
              [
                "arn:",
                {
                  "Ref": "AWS::Partition",
                },
                ":iam::aws:policy/service-role/AWSLambdaBasicExecutionRole",
              ],
            ],
          },
        ],
      },
      "Type": "AWS::IAM::Role",
    },
    "CustomCDKECRDeploymentbd07c930edb94112a20f03f096f53666512MiBServiceRoleDefaultPolicy280095F8": {
      "Metadata": {
        "cdk_nag": {
          "rules_to_suppress": [
            {
              "applies_to": [
                "Policy::arn:<AWS::Partition>:iam::aws:policy/service-role/AWSLambdaBasicExecutionRole",
              ],
              "id": "AwsSolutions-IAM4",
              "reason": "ECRDeployment Lambda uses AWS managed policy created by third-party cdk-ecr-deployment library.",
            },
            {
              "applies_to": [
                "Resource::*",
              ],
              "id": "AwsSolutions-IAM5",
              "reason": "ECRDeployment Lambda requires wildcard permissions - controlled by third-party cdk-ecr-deployment library.",
            },
            {
              "id": "AwsSolutions-L1",
              "reason": "ECRDeployment Lambda runtime managed by third-party cdk-ecr-deployment library.",
            },
            {
              "id": "NIST.800.53.R5-IAMNoInlinePolicy",
              "reason": "ECRDeployment uses inline policies created by third-party cdk-ecr-deployment library.",
            },
            {
              "id": "NIST.800.53.R5-LambdaConcurrency",
              "reason": "ECRDeployment Lambda created by third-party library without concurrency configuration.",
            },
            {
              "id": "NIST.800.53.R5-LambdaDLQ",
              "reason": "ECRDeployment Lambda created by third-party library without DLQ configuration.",
            },
            {
              "id": "NIST.800.53.R5-LambdaInsideVPC",
              "reason": "ECRDeployment Lambda created by third-party library does not need VPC access.",
            },
          ],
        },
      },
      "Properties": {
        "PolicyDocument": {
          "Statement": [
            {
              "Action": [
                "ecr:GetAuthorizationToken",
                "ecr:BatchCheckLayerAvailability",
                "ecr:GetDownloadUrlForLayer",
                "ecr:GetRepositoryPolicy",
                "ecr:DescribeRepositories",
                "ecr:ListImages",
                "ecr:DescribeImages",
                "ecr:BatchGetImage",
                "ecr:ListTagsForResource",
                "ecr:DescribeImageScanFindings",
                "ecr:InitiateLayerUpload",
                "ecr:UploadLayerPart",
                "ecr:CompleteLayerUpload",
                "ecr:PutImage",
              ],
              "Effect": "Allow",
              "Resource": "*",
            },
            {
              "Action": "s3:GetObject",
              "Effect": "Allow",
              "Resource": "*",
            },
          ],
          "Version": "2012-10-17",
        },
        "PolicyName": "CustomCDKECRDeploymentbd07c930edb94112a20f03f096f53666512MiBServiceRoleDefaultPolicy280095F8",
        "Roles": [
          {
            "Ref": "CustomCDKECRDeploymentbd07c930edb94112a20f03f096f53666512MiBServiceRole8C8B0491",
          },
        ],
      },
      "Type": "AWS::IAM::Policy",
    },
    "SnapshotRepoPromoteImageToRepositoryCustomResourceA598CBA7": {
      "DeletionPolicy": "Delete",
      "Properties": {
        "DestImage": {
          "Fn::Join": [
            "",
            [
              "docker://",
              {
                "Fn::Select": [
                  4,
                  {
                    "Fn::Split": [
                      ":",
                      {
                        "Fn::GetAtt": [
                          "SnapshotRepoRepositoryB6B46BD9",
                          "Arn",
                        ],
                      },
                    ],
                  },
                ],
              },
              ".dkr.ecr.",
              {
                "Fn::Select": [
                  3,
                  {
                    "Fn::Split": [
                      ":",
                      {
                        "Fn::GetAtt": [
                          "SnapshotRepoRepositoryB6B46BD9",
                          "Arn",
                        ],
                      },
                    ],
                  },
                ],
              },
              ".",
              {
                "Ref": "AWS::URLSuffix",
              },
              "/",
              {
                "Ref": "SnapshotRepoRepositoryB6B46BD9",
              },
              ":latest",
            ],
          ],
        },
        "ServiceToken": {
          "Fn::GetAtt": [
            "CustomCDKECRDeploymentbd07c930edb94112a20f03f096f53666512MiB28EAD8E4",
            "Arn",
          ],
        },
        "SrcImage": {
          "Fn::Join": [
            "",
            [
              "docker://",
              {
                "Fn::Sub": "\${AWS::AccountId}.dkr.ecr.\${AWS::Region}.\${AWS::URLSuffix}/cdk-hnb659fds-container-assets-\${AWS::AccountId}-\${AWS::Region}:cb1443670a74e59409602c7bbbb92b029bab9c4a67ddca8f1412c906ae2c4a29",
              },
            ],
          ],
        },
      },
      "Type": "Custom::CDKECRDeployment",
      "UpdateReplacePolicy": "Delete",
    },
    "SnapshotRepoRepositoryB6B46BD9": {
      "DeletionPolicy": "RetainExceptOnCreate",
      "Properties": {
        "ImageScanningConfiguration": {
          "ScanOnPush": true,
        },
        "ImageTagMutability": "MUTABLE",
        "RepositoryName": "snapshot-test-repo",
      },
      "Type": "AWS::ECR::Repository",
      "UpdateReplacePolicy": "Retain",
    },
  },
  "Rules": {
    "CheckBootstrapVersion": {
      "Assertions": [
        {
          "Assert": {
            "Fn::Not": [
              {
                "Fn::Contains": [
                  [
                    "1",
                    "2",
                    "3",
                    "4",
                    "5",
                  ],
                  {
                    "Ref": "BootstrapVersion",
                  },
                ],
              },
            ],
          },
          "AssertDescription": "CDK bootstrap stack version 6 required. Please run 'cdk bootstrap' with a recent version of the CDK CLI.",
        },
      ],
    },
  },
}
`;
